[36mvite v7.3.1 [32mbuilding client environment for production...[36m[39m
transforming...
[32mΓ£ô[39m 1931 modules transformed.
node.exe : [31mΓ£ù[39m 
Build failed in 5.72s
At C:\Program 
Files\nodejs\npx.ps1:29 
char:3
+   & $NODE_EXE $NPX_CLI_JS 
$args
+   
~~~~~~~~~~~~~~~~~~~~~~~~~~~~~
    + CategoryInfo           
   : NotSpecified: ([31mΓ£  
  ù[39m Build failed in 5   
 .72s:String) [], RemoteE    
xception
    + FullyQualifiedErrorId  
   : NativeCommandError
 
[31merror during build:
[31msrc/layouts/DashboardLay
out.jsx (39:17): 
"SIDEBAR_NAV_ITEMS" is not 
exported by "src/config/route
s.config.js", imported by "sr
c/layouts/DashboardLayout.jsx
".[31m
file: [36mC:/Users/91925/Des
ktop/MedicalSaas/frontend/src
/layouts/DashboardLayout.jsx:
39:17[31m
[33m
37: import { useUI, 
useSidebar, useTheme } from 
'@context/UIContext'
38: import { useStore } from 
'@context/StoreContext'
39: import { ROUTES, 
SIDEBAR_NAV_ITEMS } from 
'@config/routes.config'
                     ^
40: import Button from 
'@components/common/Button'
41: import { Spinner } from 
'@components/common/Loader'
[31m
    at getRollupError (file:/
//C:/Users/91925/Desktop/Medi
calSaas/frontend/node_modules
/rollup/dist/es/shared/parseA
st.js:402:41)
    at error (file:///C:/User
s/91925/Desktop/MedicalSaas/f
rontend/node_modules/rollup/d
ist/es/shared/parseAst.js:398
:42)
    at Module.error (file:///
C:/Users/91925/Desktop/Medica
lSaas/frontend/node_modules/r
ollup/dist/es/shared/node-ent
ry.js:17040:16)
    at Module.traceVariable (
file:///C:/Users/91925/Deskto
p/MedicalSaas/frontend/node_m
odules/rollup/dist/es/shared/
node-entry.js:17452:29)
    at 
ModuleScope.findVariable (fil
e:///C:/Users/91925/Desktop/M
edicalSaas/frontend/node_modu
les/rollup/dist/es/shared/nod
e-entry.js:15070:39)
    at 
FunctionScope.findVariable (f
ile:///C:/Users/91925/Desktop
/MedicalSaas/frontend/node_mo
dules/rollup/dist/es/shared/n
ode-entry.js:5673:38)
    at FunctionBodyScope.find
Variable (file:///C:/Users/91
925/Desktop/MedicalSaas/front
end/node_modules/rollup/dist/
es/shared/node-entry.js:5673:
38)
    at MemberExpression.bind 
(file:///C:/Users/91925/Deskt
op/MedicalSaas/frontend/node_
modules/rollup/dist/es/shared
/node-entry.js:7392:49)
    at CallExpression.bind (f
ile:///C:/Users/91925/Desktop
/MedicalSaas/frontend/node_mo
dules/rollup/dist/es/shared/n
ode-entry.js:2829:23)
    at CallExpression.bind (f
ile:///C:/Users/91925/Desktop
/MedicalSaas/frontend/node_mo
dules/rollup/dist/es/shared/n
ode-entry.js:12179:15)[39m
